Component: Arm Compiler for Embedded 6.18 Tool: armlink [5e4cc100]

==============================================================================

Section Cross References

    main.o(.text.main) refers to clockinit.o(.text.PLL_Init) for PLL_Init
    main.o(.text.main) refers to clockinit.o(.text.SysTick_Init) for SysTick_Init
    main.o(.text.main) refers to portinit.o(.text.Ports_Init) for Ports_Init
    main.o(.text.main) refers to lcd.o(.text.LCD_Init) for LCD_Init
    main.o(.text.main) refers to clockinit.o(.text.SysTick_Wait_ms) for SysTick_Wait_ms
    main.o(.text.main) refers to main.o(.bss.out) for out
    main.o(.text.main) refers to main.o(.bss.key_pressed) for key_pressed
    main.o(.text.main) refers to main.o(.bss.expression) for expression
    main.o(.text.main) refers to main.o(.bss.ans) for ans
    main.o(.text.main) refers to main.o(.bss.ans_arr) for ans_arr
    main.o(.text.main) refers to calculator.o(.text.add_to_expression) for add_to_expression
    main.o(.text.main) refers to lcd.o(.text.ClearDisplay) for ClearDisplay
    main.o(.text.main) refers to lcd.o(.text.SendDisplayArr) for SendDisplayArr
    main.o(.text.main) refers to keypad.o(.text.ReadChar) for ReadChar
    main.o(.text.main) refers to calculator.o(.text.reset_expression) for reset_expression
    main.o(.text.main) refers to calculator.o(.text.calculate) for calculate
    main.o(.text.main) refers to calculator.o(.text.num_to_char) for num_to_char
    main.o(.text.main) refers to lcd.o(.text.SendDisplayCommand) for SendDisplayCommand
    main.o(.ARM.exidx.text.main) refers to main.o(.text.main) for [Anonymous Symbol]
    clockinit.o(.ARM.exidx.text.PLL_Init) refers to clockinit.o(.text.PLL_Init) for [Anonymous Symbol]
    clockinit.o(.ARM.exidx.text.SysTick_Init) refers to clockinit.o(.text.SysTick_Init) for [Anonymous Symbol]
    clockinit.o(.ARM.exidx.text.SysTick_Wait) refers to clockinit.o(.text.SysTick_Wait) for [Anonymous Symbol]
    clockinit.o(.ARM.exidx.text.SysTick_Wait_ys) refers to clockinit.o(.text.SysTick_Wait_ys) for [Anonymous Symbol]
    clockinit.o(.ARM.exidx.text.SysTick_Wait_ms) refers to clockinit.o(.text.SysTick_Wait_ms) for [Anonymous Symbol]
    clockinit.o(.ARM.exidx.text.SysTick_Wait_s) refers to clockinit.o(.text.SysTick_Wait_s) for [Anonymous Symbol]
    portinit.o(.ARM.exidx.text.Ports_Init) refers to portinit.o(.text.Ports_Init) for [Anonymous Symbol]
    lcd.o(.text.ENPulse) refers to clockinit.o(.text.SysTick_Wait) for SysTick_Wait
    lcd.o(.ARM.exidx.text.ENPulse) refers to lcd.o(.text.ENPulse) for [Anonymous Symbol]
    lcd.o(.text.SendDisplayNibble) refers to clockinit.o(.text.SysTick_Wait) for SysTick_Wait
    lcd.o(.text.SendDisplayNibble) refers to clockinit.o(.text.SysTick_Wait_ms) for SysTick_Wait_ms
    lcd.o(.ARM.exidx.text.SendDisplayNibble) refers to lcd.o(.text.SendDisplayNibble) for [Anonymous Symbol]
    lcd.o(.text.SendDisplayCommand) refers to clockinit.o(.text.SysTick_Wait_ms) for SysTick_Wait_ms
    lcd.o(.text.SendDisplayCommand) refers to lcd.o(.text.SendDisplayNibble) for SendDisplayNibble
    lcd.o(.ARM.exidx.text.SendDisplayCommand) refers to lcd.o(.text.SendDisplayCommand) for [Anonymous Symbol]
    lcd.o(.text.SendDisplayChar) refers to clockinit.o(.text.SysTick_Wait_ms) for SysTick_Wait_ms
    lcd.o(.text.SendDisplayChar) refers to lcd.o(.text.SendDisplayNibble) for SendDisplayNibble
    lcd.o(.ARM.exidx.text.SendDisplayChar) refers to lcd.o(.text.SendDisplayChar) for [Anonymous Symbol]
    lcd.o(.text.SendDisplayArr) refers to clockinit.o(.text.SysTick_Wait_ms) for SysTick_Wait_ms
    lcd.o(.text.SendDisplayArr) refers to lcd.o(.text.SendDisplayNibble) for SendDisplayNibble
    lcd.o(.ARM.exidx.text.SendDisplayArr) refers to lcd.o(.text.SendDisplayArr) for [Anonymous Symbol]
    lcd.o(.text.LCD_Init) refers to clockinit.o(.text.SysTick_Wait_ms) for SysTick_Wait_ms
    lcd.o(.text.LCD_Init) refers to clockinit.o(.text.SysTick_Wait) for SysTick_Wait
    lcd.o(.text.LCD_Init) refers to clockinit.o(.text.SysTick_Wait_ys) for SysTick_Wait_ys
    lcd.o(.ARM.exidx.text.LCD_Init) refers to lcd.o(.text.LCD_Init) for [Anonymous Symbol]
    lcd.o(.text.ClearDisplay) refers to clockinit.o(.text.SysTick_Wait_ms) for SysTick_Wait_ms
    lcd.o(.text.ClearDisplay) refers to clockinit.o(.text.SysTick_Wait) for SysTick_Wait
    lcd.o(.text.ClearDisplay) refers to clockinit.o(.text.SysTick_Wait_ys) for SysTick_Wait_ys
    lcd.o(.ARM.exidx.text.ClearDisplay) refers to lcd.o(.text.ClearDisplay) for [Anonymous Symbol]
    keypad.o(.text.ReadChar) refers to clockinit.o(.text.SysTick_Wait_ms) for SysTick_Wait_ms
    keypad.o(.ARM.exidx.text.ReadChar) refers to keypad.o(.text.ReadChar) for [Anonymous Symbol]
    calculator.o(.text) refers (Special) to _scanf_int.o(.text) for _scanf_int
    calculator.o(.text.add_to_expression) refers (Special) to _scanf_int.o(.text) for _scanf_int
    calculator.o(.text.add_to_expression) refers to clockinit.o(.text.SysTick_Wait_ys) for SysTick_Wait_ys
    calculator.o(.ARM.exidx.text.add_to_expression) refers (Special) to _scanf_int.o(.text) for _scanf_int
    calculator.o(.ARM.exidx.text.add_to_expression) refers to calculator.o(.text.add_to_expression) for [Anonymous Symbol]
    calculator.o(.text.reset_expression) refers (Special) to _scanf_int.o(.text) for _scanf_int
    calculator.o(.text.reset_expression) refers to clockinit.o(.text.SysTick_Wait_ms) for SysTick_Wait_ms
    calculator.o(.ARM.exidx.text.reset_expression) refers (Special) to _scanf_int.o(.text) for _scanf_int
    calculator.o(.ARM.exidx.text.reset_expression) refers to calculator.o(.text.reset_expression) for [Anonymous Symbol]
    calculator.o(.text.char_to_num) refers (Special) to _scanf_int.o(.text) for _scanf_int
    calculator.o(.ARM.exidx.text.char_to_num) refers (Special) to _scanf_int.o(.text) for _scanf_int
    calculator.o(.ARM.exidx.text.char_to_num) refers to calculator.o(.text.char_to_num) for [Anonymous Symbol]
    calculator.o(.text.num_to_char) refers (Special) to _scanf_int.o(.text) for _scanf_int
    calculator.o(.text.num_to_char) refers to f2d.o(.text) for __aeabi_f2d
    calculator.o(.text.num_to_char) refers to printfa.o(i.__0sprintf) for __2sprintf
    calculator.o(.ARM.exidx.text.num_to_char) refers (Special) to _scanf_int.o(.text) for _scanf_int
    calculator.o(.ARM.exidx.text.num_to_char) refers to calculator.o(.text.num_to_char) for [Anonymous Symbol]
    calculator.o(.text.calculate) refers (Special) to _scanf_int.o(.text) for _scanf_int
    calculator.o(.text.calculate) refers to clockinit.o(.text.SysTick_Wait_ys) for SysTick_Wait_ys
    calculator.o(.text.calculate) refers to calculator.o(.rodata.str1.1) for .L.str.1
    calculator.o(.text.calculate) refers to __0sscanf.o(.text) for __0sscanf
    calculator.o(.ARM.exidx.text.calculate) refers (Special) to _scanf_int.o(.text) for _scanf_int
    calculator.o(.ARM.exidx.text.calculate) refers to calculator.o(.text.calculate) for [Anonymous Symbol]
    calculator.o(.rodata.str1.1) refers (Special) to _scanf_int.o(.text) for _scanf_int
    startup_tm4c123.o(RESET) refers to startup_tm4c123.o(STACK) for __initial_sp
    startup_tm4c123.o(RESET) refers to startup_tm4c123.o(.text) for Reset_Handler
    startup_tm4c123.o(.text) refers to system_tm4c123.o(.text.SystemInit) for SystemInit
    startup_tm4c123.o(.text) refers to entry.o(.ARM.Collect$$$$00000000) for __main
    system_tm4c123.o(.text.SystemCoreClockUpdate) refers to system_tm4c123.o(.rodata..Lswitch.table.SystemCoreClockUpdate.1) for .Lswitch.table.SystemCoreClockUpdate.1
    system_tm4c123.o(.text.SystemCoreClockUpdate) refers to system_tm4c123.o(.data.SystemCoreClock) for SystemCoreClock
    system_tm4c123.o(.ARM.exidx.text.SystemCoreClockUpdate) refers to system_tm4c123.o(.text.SystemCoreClockUpdate) for [Anonymous Symbol]
    system_tm4c123.o(.ARM.exidx.text.SystemInit) refers to system_tm4c123.o(.text.SystemInit) for [Anonymous Symbol]
    entry.o(.ARM.Collect$$$$00000000) refers (Special) to entry10a.o(.ARM.Collect$$$$0000000D) for __rt_final_cpp
    entry.o(.ARM.Collect$$$$00000000) refers (Special) to entry11a.o(.ARM.Collect$$$$0000000F) for __rt_final_exit
    entry.o(.ARM.Collect$$$$00000000) refers (Special) to entry7b.o(.ARM.Collect$$$$00000008) for _main_clock
    entry.o(.ARM.Collect$$$$00000000) refers (Special) to entry8b.o(.ARM.Collect$$$$0000000A) for _main_cpp_init
    entry.o(.ARM.Collect$$$$00000000) refers (Special) to entry9a.o(.ARM.Collect$$$$0000000B) for _main_init
    entry.o(.ARM.Collect$$$$00000000) refers (Special) to entry5.o(.ARM.Collect$$$$00000004) for _main_scatterload
    entry.o(.ARM.Collect$$$$00000000) refers (Special) to entry2.o(.ARM.Collect$$$$00000001) for _main_stk
    printfb.o(i.__0fprintf$bare) refers to printfb.o(i._printf_core) for _printf_core
    printfb.o(i.__0fprintf$bare) refers to fputc.o(i.fputc) for fputc
    printfb.o(i.__0printf$bare) refers to printfb.o(i._printf_core) for _printf_core
    printfb.o(i.__0printf$bare) refers to fputc.o(i.fputc) for fputc
    printfb.o(i.__0printf$bare) refers to stdout.o(.data) for __stdout
    printfb.o(i.__0snprintf$bare) refers to printfb.o(i._printf_core) for _printf_core
    printfb.o(i.__0snprintf$bare) refers to printfb.o(i._snputc) for _snputc
    printfb.o(i.__0sprintf$bare) refers to printfb.o(i._printf_core) for _printf_core
    printfb.o(i.__0sprintf$bare) refers to printfb.o(i._sputc) for _sputc
    printfb.o(i.__0vfprintf$bare) refers to printfb.o(i._printf_core) for _printf_core
    printfb.o(i.__0vfprintf$bare) refers to fputc.o(i.fputc) for fputc
    printfb.o(i.__0vprintf$bare) refers to printfb.o(i._printf_core) for _printf_core
    printfb.o(i.__0vprintf$bare) refers to fputc.o(i.fputc) for fputc
    printfb.o(i.__0vprintf$bare) refers to stdout.o(.data) for __stdout
    printfb.o(i.__0vsnprintf$bare) refers to printfb.o(i._printf_core) for _printf_core
    printfb.o(i.__0vsnprintf$bare) refers to printfb.o(i._snputc) for _snputc
    printfb.o(i.__0vsprintf$bare) refers to printfb.o(i._printf_core) for _printf_core
    printfb.o(i.__0vsprintf$bare) refers to printfb.o(i._sputc) for _sputc
    printf0.o(i.__0fprintf$0) refers to printf0.o(i._printf_core) for _printf_core
    printf0.o(i.__0fprintf$0) refers to fputc.o(i.fputc) for fputc
    printf0.o(i.__0printf$0) refers to printf0.o(i._printf_core) for _printf_core
    printf0.o(i.__0printf$0) refers to fputc.o(i.fputc) for fputc
    printf0.o(i.__0printf$0) refers to stdout.o(.data) for __stdout
    printf0.o(i.__0snprintf$0) refers to printf0.o(i._printf_core) for _printf_core
    printf0.o(i.__0snprintf$0) refers to printf0.o(i._snputc) for _snputc
    printf0.o(i.__0sprintf$0) refers to printf0.o(i._printf_core) for _printf_core
    printf0.o(i.__0sprintf$0) refers to printf0.o(i._sputc) for _sputc
    printf0.o(i.__0vfprintf$0) refers to printf0.o(i._printf_core) for _printf_core
    printf0.o(i.__0vfprintf$0) refers to fputc.o(i.fputc) for fputc
    printf0.o(i.__0vprintf$0) refers to printf0.o(i._printf_core) for _printf_core
    printf0.o(i.__0vprintf$0) refers to fputc.o(i.fputc) for fputc
    printf0.o(i.__0vprintf$0) refers to stdout.o(.data) for __stdout
    printf0.o(i.__0vsnprintf$0) refers to printf0.o(i._printf_core) for _printf_core
    printf0.o(i.__0vsnprintf$0) refers to printf0.o(i._snputc) for _snputc
    printf0.o(i.__0vsprintf$0) refers to printf0.o(i._printf_core) for _printf_core
    printf0.o(i.__0vsprintf$0) refers to printf0.o(i._sputc) for _sputc
    printf1.o(i.__0fprintf$1) refers to printf1.o(i._printf_core) for _printf_core
    printf1.o(i.__0fprintf$1) refers to fputc.o(i.fputc) for fputc
    printf1.o(i.__0printf$1) refers to printf1.o(i._printf_core) for _printf_core
    printf1.o(i.__0printf$1) refers to fputc.o(i.fputc) for fputc
    printf1.o(i.__0printf$1) refers to stdout.o(.data) for __stdout
    printf1.o(i.__0snprintf$1) refers to printf1.o(i._printf_core) for _printf_core
    printf1.o(i.__0snprintf$1) refers to printf1.o(i._snputc) for _snputc
    printf1.o(i.__0sprintf$1) refers to printf1.o(i._printf_core) for _printf_core
    printf1.o(i.__0sprintf$1) refers to printf1.o(i._sputc) for _sputc
    printf1.o(i.__0vfprintf$1) refers to printf1.o(i._printf_core) for _printf_core
    printf1.o(i.__0vfprintf$1) refers to fputc.o(i.fputc) for fputc
    printf1.o(i.__0vprintf$1) refers to printf1.o(i._printf_core) for _printf_core
    printf1.o(i.__0vprintf$1) refers to fputc.o(i.fputc) for fputc
    printf1.o(i.__0vprintf$1) refers to stdout.o(.data) for __stdout
    printf1.o(i.__0vsnprintf$1) refers to printf1.o(i._printf_core) for _printf_core
    printf1.o(i.__0vsnprintf$1) refers to printf1.o(i._snputc) for _snputc
    printf1.o(i.__0vsprintf$1) refers to printf1.o(i._printf_core) for _printf_core
    printf1.o(i.__0vsprintf$1) refers to printf1.o(i._sputc) for _sputc
    printf1.o(i._printf_core) refers to uidiv.o(.text) for __aeabi_uidivmod
    printf2.o(i.__0fprintf$2) refers to printf2.o(i._printf_core) for _printf_core
    printf2.o(i.__0fprintf$2) refers to fputc.o(i.fputc) for fputc
    printf2.o(i.__0printf$2) refers to printf2.o(i._printf_core) for _printf_core
    printf2.o(i.__0printf$2) refers to fputc.o(i.fputc) for fputc
    printf2.o(i.__0printf$2) refers to stdout.o(.data) for __stdout
    printf2.o(i.__0snprintf$2) refers to printf2.o(i._printf_core) for _printf_core
    printf2.o(i.__0snprintf$2) refers to printf2.o(i._snputc) for _snputc
    printf2.o(i.__0sprintf$2) refers to printf2.o(i._printf_core) for _printf_core
    printf2.o(i.__0sprintf$2) refers to printf2.o(i._sputc) for _sputc
    printf2.o(i.__0vfprintf$2) refers to printf2.o(i._printf_core) for _printf_core
    printf2.o(i.__0vfprintf$2) refers to fputc.o(i.fputc) for fputc
    printf2.o(i.__0vprintf$2) refers to printf2.o(i._printf_core) for _printf_core
    printf2.o(i.__0vprintf$2) refers to fputc.o(i.fputc) for fputc
    printf2.o(i.__0vprintf$2) refers to stdout.o(.data) for __stdout
    printf2.o(i.__0vsnprintf$2) refers to printf2.o(i._printf_core) for _printf_core
    printf2.o(i.__0vsnprintf$2) refers to printf2.o(i._snputc) for _snputc
    printf2.o(i.__0vsprintf$2) refers to printf2.o(i._printf_core) for _printf_core
    printf2.o(i.__0vsprintf$2) refers to printf2.o(i._sputc) for _sputc
    printf3.o(i.__0fprintf$3) refers to printf3.o(i._printf_core) for _printf_core
    printf3.o(i.__0fprintf$3) refers to fputc.o(i.fputc) for fputc
    printf3.o(i.__0printf$3) refers to printf3.o(i._printf_core) for _printf_core
    printf3.o(i.__0printf$3) refers to fputc.o(i.fputc) for fputc
    printf3.o(i.__0printf$3) refers to stdout.o(.data) for __stdout
    printf3.o(i.__0snprintf$3) refers to printf3.o(i._printf_core) for _printf_core
    printf3.o(i.__0snprintf$3) refers to printf3.o(i._snputc) for _snputc
    printf3.o(i.__0sprintf$3) refers to printf3.o(i._printf_core) for _printf_core
    printf3.o(i.__0sprintf$3) refers to printf3.o(i._sputc) for _sputc
    printf3.o(i.__0vfprintf$3) refers to printf3.o(i._printf_core) for _printf_core
    printf3.o(i.__0vfprintf$3) refers to fputc.o(i.fputc) for fputc
    printf3.o(i.__0vprintf$3) refers to printf3.o(i._printf_core) for _printf_core
    printf3.o(i.__0vprintf$3) refers to fputc.o(i.fputc) for fputc
    printf3.o(i.__0vprintf$3) refers to stdout.o(.data) for __stdout
    printf3.o(i.__0vsnprintf$3) refers to printf3.o(i._printf_core) for _printf_core
    printf3.o(i.__0vsnprintf$3) refers to printf3.o(i._snputc) for _snputc
    printf3.o(i.__0vsprintf$3) refers to printf3.o(i._printf_core) for _printf_core
    printf3.o(i.__0vsprintf$3) refers to printf3.o(i._sputc) for _sputc
    printf3.o(i._printf_core) refers to uidiv.o(.text) for __aeabi_uidivmod
    printf4.o(i.__0fprintf$4) refers to printf4.o(i._printf_core) for _printf_core
    printf4.o(i.__0fprintf$4) refers to fputc.o(i.fputc) for fputc
    printf4.o(i.__0printf$4) refers to printf4.o(i._printf_core) for _printf_core
    printf4.o(i.__0printf$4) refers to fputc.o(i.fputc) for fputc
    printf4.o(i.__0printf$4) refers to stdout.o(.data) for __stdout
    printf4.o(i.__0snprintf$4) refers to printf4.o(i._printf_core) for _printf_core
    printf4.o(i.__0snprintf$4) refers to printf4.o(i._snputc) for _snputc
    printf4.o(i.__0sprintf$4) refers to printf4.o(i._printf_core) for _printf_core
    printf4.o(i.__0sprintf$4) refers to printf4.o(i._sputc) for _sputc
    printf4.o(i.__0vfprintf$4) refers to printf4.o(i._printf_core) for _printf_core
    printf4.o(i.__0vfprintf$4) refers to fputc.o(i.fputc) for fputc
    printf4.o(i.__0vprintf$4) refers to printf4.o(i._printf_core) for _printf_core
    printf4.o(i.__0vprintf$4) refers to fputc.o(i.fputc) for fputc
    printf4.o(i.__0vprintf$4) refers to stdout.o(.data) for __stdout
    printf4.o(i.__0vsnprintf$4) refers to printf4.o(i._printf_core) for _printf_core
    printf4.o(i.__0vsnprintf$4) refers to printf4.o(i._snputc) for _snputc
    printf4.o(i.__0vsprintf$4) refers to printf4.o(i._printf_core) for _printf_core
    printf4.o(i.__0vsprintf$4) refers to printf4.o(i._sputc) for _sputc
    printf4.o(i._printf_core) refers to uldiv.o(.text) for __aeabi_uldivmod
    printf5.o(i.__0fprintf$5) refers to printf5.o(i._printf_core) for _printf_core
    printf5.o(i.__0fprintf$5) refers to fputc.o(i.fputc) for fputc
    printf5.o(i.__0printf$5) refers to printf5.o(i._printf_core) for _printf_core
    printf5.o(i.__0printf$5) refers to fputc.o(i.fputc) for fputc
    printf5.o(i.__0printf$5) refers to stdout.o(.data) for __stdout
    printf5.o(i.__0snprintf$5) refers to printf5.o(i._printf_core) for _printf_core
    printf5.o(i.__0snprintf$5) refers to printf5.o(i._snputc) for _snputc
    printf5.o(i.__0sprintf$5) refers to printf5.o(i._printf_core) for _printf_core
    printf5.o(i.__0sprintf$5) refers to printf5.o(i._sputc) for _sputc
    printf5.o(i.__0vfprintf$5) refers to printf5.o(i._printf_core) for _printf_core
    printf5.o(i.__0vfprintf$5) refers to fputc.o(i.fputc) for fputc
    printf5.o(i.__0vprintf$5) refers to printf5.o(i._printf_core) for _printf_core
    printf5.o(i.__0vprintf$5) refers to fputc.o(i.fputc) for fputc
    printf5.o(i.__0vprintf$5) refers to stdout.o(.data) for __stdout
    printf5.o(i.__0vsnprintf$5) refers to printf5.o(i._printf_core) for _printf_core
    printf5.o(i.__0vsnprintf$5) refers to printf5.o(i._snputc) for _snputc
    printf5.o(i.__0vsprintf$5) refers to printf5.o(i._printf_core) for _printf_core
    printf5.o(i.__0vsprintf$5) refers to printf5.o(i._sputc) for _sputc
    printf5.o(i._printf_core) refers to uldiv.o(.text) for __aeabi_uldivmod
    printf6.o(i.__0fprintf$6) refers to printf6.o(i._printf_core) for _printf_core
    printf6.o(i.__0fprintf$6) refers to fputc.o(i.fputc) for fputc
    printf6.o(i.__0printf$6) refers to printf6.o(i._printf_core) for _printf_core
    printf6.o(i.__0printf$6) refers to fputc.o(i.fputc) for fputc
    printf6.o(i.__0printf$6) refers to stdout.o(.data) for __stdout
    printf6.o(i.__0snprintf$6) refers to printf6.o(i._printf_core) for _printf_core
    printf6.o(i.__0snprintf$6) refers to printf6.o(i._snputc) for _snputc
    printf6.o(i.__0sprintf$6) refers to printf6.o(i._printf_core) for _printf_core
    printf6.o(i.__0sprintf$6) refers to printf6.o(i._sputc) for _sputc
    printf6.o(i.__0vfprintf$6) refers to printf6.o(i._printf_core) for _printf_core
    printf6.o(i.__0vfprintf$6) refers to fputc.o(i.fputc) for fputc
    printf6.o(i.__0vprintf$6) refers to printf6.o(i._printf_core) for _printf_core
    printf6.o(i.__0vprintf$6) refers to fputc.o(i.fputc) for fputc
    printf6.o(i.__0vprintf$6) refers to stdout.o(.data) for __stdout
    printf6.o(i.__0vsnprintf$6) refers to printf6.o(i._printf_core) for _printf_core
    printf6.o(i.__0vsnprintf$6) refers to printf6.o(i._snputc) for _snputc
    printf6.o(i.__0vsprintf$6) refers to printf6.o(i._printf_core) for _printf_core
    printf6.o(i.__0vsprintf$6) refers to printf6.o(i._sputc) for _sputc
    printf6.o(i._printf_core) refers to printf6.o(i._printf_pre_padding) for _printf_pre_padding
    printf6.o(i._printf_core) refers to uidiv.o(.text) for __aeabi_uidivmod
    printf6.o(i._printf_core) refers to printf6.o(i._printf_post_padding) for _printf_post_padding
    printf7.o(i.__0fprintf$7) refers to printf7.o(i._printf_core) for _printf_core
    printf7.o(i.__0fprintf$7) refers to fputc.o(i.fputc) for fputc
    printf7.o(i.__0printf$7) refers to printf7.o(i._printf_core) for _printf_core
    printf7.o(i.__0printf$7) refers to fputc.o(i.fputc) for fputc
    printf7.o(i.__0printf$7) refers to stdout.o(.data) for __stdout
    printf7.o(i.__0snprintf$7) refers to printf7.o(i._printf_core) for _printf_core
    printf7.o(i.__0snprintf$7) refers to printf7.o(i._snputc) for _snputc
    printf7.o(i.__0sprintf$7) refers to printf7.o(i._printf_core) for _printf_core
    printf7.o(i.__0sprintf$7) refers to printf7.o(i._sputc) for _sputc
    printf7.o(i.__0vfprintf$7) refers to printf7.o(i._printf_core) for _printf_core
    printf7.o(i.__0vfprintf$7) refers to fputc.o(i.fputc) for fputc
    printf7.o(i.__0vprintf$7) refers to printf7.o(i._printf_core) for _printf_core
    printf7.o(i.__0vprintf$7) refers to fputc.o(i.fputc) for fputc
    printf7.o(i.__0vprintf$7) refers to stdout.o(.data) for __stdout
    printf7.o(i.__0vsnprintf$7) refers to printf7.o(i._printf_core) for _printf_core
    printf7.o(i.__0vsnprintf$7) refers to printf7.o(i._snputc) for _snputc
    printf7.o(i.__0vsprintf$7) refers to printf7.o(i._printf_core) for _printf_core
    printf7.o(i.__0vsprintf$7) refers to printf7.o(i._sputc) for _sputc
    printf7.o(i._printf_core) refers to printf7.o(i._printf_pre_padding) for _printf_pre_padding
    printf7.o(i._printf_core) refers to uldiv.o(.text) for __aeabi_uldivmod
    printf7.o(i._printf_core) refers to printf7.o(i._printf_post_padding) for _printf_post_padding
    printf8.o(i.__0fprintf$8) refers to printf8.o(i._printf_core) for _printf_core
    printf8.o(i.__0fprintf$8) refers to fputc.o(i.fputc) for fputc
    printf8.o(i.__0printf$8) refers to printf8.o(i._printf_core) for _printf_core
    printf8.o(i.__0printf$8) refers to fputc.o(i.fputc) for fputc
    printf8.o(i.__0printf$8) refers to stdout.o(.data) for __stdout
    printf8.o(i.__0snprintf$8) refers to printf8.o(i._printf_core) for _printf_core
    printf8.o(i.__0snprintf$8) refers to printf8.o(i._snputc) for _snputc
    printf8.o(i.__0sprintf$8) refers to printf8.o(i._printf_core) for _printf_core
    printf8.o(i.__0sprintf$8) refers to printf8.o(i._sputc) for _sputc
    printf8.o(i.__0vfprintf$8) refers to printf8.o(i._printf_core) for _printf_core
    printf8.o(i.__0vfprintf$8) refers to fputc.o(i.fputc) for fputc
    printf8.o(i.__0vprintf$8) refers to printf8.o(i._printf_core) for _printf_core
    printf8.o(i.__0vprintf$8) refers to fputc.o(i.fputc) for fputc
    printf8.o(i.__0vprintf$8) refers to stdout.o(.data) for __stdout
    printf8.o(i.__0vsnprintf$8) refers to printf8.o(i._printf_core) for _printf_core
    printf8.o(i.__0vsnprintf$8) refers to printf8.o(i._snputc) for _snputc
    printf8.o(i.__0vsprintf$8) refers to printf8.o(i._printf_core) for _printf_core
    printf8.o(i.__0vsprintf$8) refers to printf8.o(i._sputc) for _sputc
    printf8.o(i._printf_core) refers to printf8.o(i._printf_pre_padding) for _printf_pre_padding
    printf8.o(i._printf_core) refers to uldiv.o(.text) for __aeabi_uldivmod
    printf8.o(i._printf_core) refers to printf8.o(i._printf_post_padding) for _printf_post_padding
    printfa.o(i.__0fprintf) refers (Special) to iusefp.o(.text) for __I$use$fp
    printfa.o(i.__0fprintf) refers to printfa.o(i._printf_core) for _printf_core
    printfa.o(i.__0fprintf) refers to fputc.o(i.fputc) for fputc
    printfa.o(i.__0printf) refers (Special) to iusefp.o(.text) for __I$use$fp
    printfa.o(i.__0printf) refers to printfa.o(i._printf_core) for _printf_core
    printfa.o(i.__0printf) refers to fputc.o(i.fputc) for fputc
    printfa.o(i.__0printf) refers to stdout.o(.data) for __stdout
    printfa.o(i.__0snprintf) refers (Special) to iusefp.o(.text) for __I$use$fp
    printfa.o(i.__0snprintf) refers to printfa.o(i._printf_core) for _printf_core
    printfa.o(i.__0snprintf) refers to printfa.o(i._snputc) for _snputc
    printfa.o(i.__0sprintf) refers (Special) to iusefp.o(.text) for __I$use$fp
    printfa.o(i.__0sprintf) refers to printfa.o(i._printf_core) for _printf_core
    printfa.o(i.__0sprintf) refers to printfa.o(i._sputc) for _sputc
    printfa.o(i.__0vfprintf) refers (Special) to iusefp.o(.text) for __I$use$fp
    printfa.o(i.__0vfprintf) refers to printfa.o(i._printf_core) for _printf_core
    printfa.o(i.__0vfprintf) refers to fputc.o(i.fputc) for fputc
    printfa.o(i.__0vprintf) refers (Special) to iusefp.o(.text) for __I$use$fp
    printfa.o(i.__0vprintf) refers to printfa.o(i._printf_core) for _printf_core
    printfa.o(i.__0vprintf) refers to fputc.o(i.fputc) for fputc
    printfa.o(i.__0vprintf) refers to stdout.o(.data) for __stdout
    printfa.o(i.__0vsnprintf) refers (Special) to iusefp.o(.text) for __I$use$fp
    printfa.o(i.__0vsnprintf) refers to printfa.o(i._printf_core) for _printf_core
    printfa.o(i.__0vsnprintf) refers to printfa.o(i._snputc) for _snputc
    printfa.o(i.__0vsprintf) refers (Special) to iusefp.o(.text) for __I$use$fp
    printfa.o(i.__0vsprintf) refers to printfa.o(i._printf_core) for _printf_core
    printfa.o(i.__0vsprintf) refers to printfa.o(i._sputc) for _sputc
    printfa.o(i._fp_digits) refers (Special) to iusefp.o(.text) for __I$use$fp
    printfa.o(i._fp_digits) refers to dmul.o(.text) for __aeabi_dmul
    printfa.o(i._fp_digits) refers to ddiv.o(.text) for __aeabi_ddiv
    printfa.o(i._fp_digits) refers to cdrcmple.o(.text) for __aeabi_cdrcmple
    printfa.o(i._fp_digits) refers to dadd.o(.text) for __aeabi_dadd
    printfa.o(i._fp_digits) refers to dfixul.o(.text) for __aeabi_d2ulz
    printfa.o(i._fp_digits) refers to uldiv.o(.text) for __aeabi_uldivmod
    printfa.o(i._printf_core) refers (Special) to iusefp.o(.text) for __I$use$fp
    printfa.o(i._printf_core) refers to printfa.o(i._printf_pre_padding) for _printf_pre_padding
    printfa.o(i._printf_core) refers to uldiv.o(.text) for __aeabi_uldivmod
    printfa.o(i._printf_core) refers to printfa.o(i._printf_post_padding) for _printf_post_padding
    printfa.o(i._printf_core) refers to printfa.o(i._fp_digits) for _fp_digits
    printfa.o(i._printf_core) refers to uidiv.o(.text) for __aeabi_uidivmod
    printfa.o(i._printf_post_padding) refers (Special) to iusefp.o(.text) for __I$use$fp
    printfa.o(i._printf_pre_padding) refers (Special) to iusefp.o(.text) for __I$use$fp
    printfa.o(i._snputc) refers (Special) to iusefp.o(.text) for __I$use$fp
    printfa.o(i._sputc) refers (Special) to iusefp.o(.text) for __I$use$fp
    __0sscanf.o(.text) refers to scanf_char.o(.text) for __vfscanf_char
    __0sscanf.o(.text) refers to _sgetc.o(.text) for _sgetc
    _scanf_int.o(.text) refers to _chval.o(.text) for _chval
    f2d.o(.text) refers (Special) to iusefp.o(.text) for __I$use$fp
    entry2.o(.ARM.Collect$$$$00000001) refers to entry2.o(.ARM.Collect$$$$00002712) for __lit__00000000
    entry2.o(.ARM.Collect$$$$00002712) refers to startup_tm4c123.o(STACK) for __initial_sp
    entry2.o(__vectab_stack_and_reset_area) refers to startup_tm4c123.o(STACK) for __initial_sp
    entry2.o(__vectab_stack_and_reset_area) refers to entry.o(.ARM.Collect$$$$00000000) for __main
    entry5.o(.ARM.Collect$$$$00000004) refers to init.o(.text) for __scatterload
    entry9a.o(.ARM.Collect$$$$0000000B) refers to main.o(.text.main) for main
    entry9b.o(.ARM.Collect$$$$0000000C) refers to main.o(.text.main) for main
    fputc.o(i.fputc) refers (Special) to iusesemip.o(.text) for __I$use$semihosting$fputc
    fputc.o(i.fputc) refers (Special) to semi.o(.text) for __semihosting_library_function
    fputc_h.o(i._fputc$hlt) refers (Special) to iusesemip.o(.text) for __I$use$semihosting$fputc
    fputc_h.o(i._fputc$hlt) refers (Special) to semi.o(.text) for __semihosting_library_function
    uldiv.o(.text) refers to llushr.o(.text) for __aeabi_llsr
    uldiv.o(.text) refers to llshl.o(.text) for __aeabi_llsl
    scanf_char.o(.text) refers to _scanf.o(.text) for __vfscanf
    scanf_char.o(.text) refers to isspace_c.o(.text) for isspace
    dadd.o(.text) refers (Special) to iusefp.o(.text) for __I$use$fp
    dadd.o(.text) refers to llshl.o(.text) for __aeabi_llsl
    dadd.o(.text) refers to llsshr.o(.text) for __aeabi_lasr
    dadd.o(.text) refers to depilogue.o(.text) for _double_epilogue
    dmul.o(.text) refers (Special) to iusefp.o(.text) for __I$use$fp
    dmul.o(.text) refers to depilogue.o(.text) for _double_epilogue
    ddiv.o(.text) refers (Special) to iusefp.o(.text) for __I$use$fp
    ddiv.o(.text) refers to depilogue.o(.text) for _double_round
    dfixul.o(.text) refers (Special) to iusefp.o(.text) for __I$use$fp
    dfixul.o(.text) refers to llushr.o(.text) for __aeabi_llsr
    dfixul.o(.text) refers to llshl.o(.text) for __aeabi_llsl
    cdrcmple.o(.text) refers (Special) to iusefp.o(.text) for __I$use$fp
    init.o(.text) refers to entry5.o(.ARM.Collect$$$$00000004) for __main_after_scatterload
    isspace_c.o(.text) refers to ctype_c.o(.text) for __ctype_lookup
    _scanf.o(.text) refers (Weak) to _scanf_int.o(.text) for _scanf_int
    depilogue.o(.text) refers (Special) to iusefp.o(.text) for __I$use$fp
    depilogue.o(.text) refers to llshl.o(.text) for __aeabi_llsl
    depilogue.o(.text) refers to llushr.o(.text) for __aeabi_llsr
    ctype_c.o(.text) refers to ctype_c.o(.constdata) for .constdata


==============================================================================

Removing Unused input sections from the image.

    Removing main.o(.text), (0 bytes).
    Removing main.o(.ARM.exidx.text.main), (8 bytes).
    Removing main.o(.bss.pos), (4 bytes).
    Removing main.o(.ARM.use_no_argv), (4 bytes).
    Removing clockinit.o(.text), (0 bytes).
    Removing clockinit.o(.ARM.exidx.text.PLL_Init), (8 bytes).
    Removing clockinit.o(.ARM.exidx.text.SysTick_Init), (8 bytes).
    Removing clockinit.o(.ARM.exidx.text.SysTick_Wait), (8 bytes).
    Removing clockinit.o(.ARM.exidx.text.SysTick_Wait_ys), (8 bytes).
    Removing clockinit.o(.ARM.exidx.text.SysTick_Wait_ms), (8 bytes).
    Removing clockinit.o(.text.SysTick_Wait_s), (70 bytes).
    Removing clockinit.o(.ARM.exidx.text.SysTick_Wait_s), (8 bytes).
    Removing portinit.o(.text), (0 bytes).
    Removing portinit.o(.ARM.exidx.text.Ports_Init), (8 bytes).
    Removing lcd.o(.text), (0 bytes).
    Removing lcd.o(.text.ENPulse), (34 bytes).
    Removing lcd.o(.ARM.exidx.text.ENPulse), (8 bytes).
    Removing lcd.o(.ARM.exidx.text.SendDisplayNibble), (8 bytes).
    Removing lcd.o(.ARM.exidx.text.SendDisplayCommand), (8 bytes).
    Removing lcd.o(.text.SendDisplayChar), (36 bytes).
    Removing lcd.o(.ARM.exidx.text.SendDisplayChar), (8 bytes).
    Removing lcd.o(.ARM.exidx.text.SendDisplayArr), (8 bytes).
    Removing lcd.o(.ARM.exidx.text.LCD_Init), (8 bytes).
    Removing lcd.o(.ARM.exidx.text.ClearDisplay), (8 bytes).
    Removing keypad.o(.text), (0 bytes).
    Removing keypad.o(.ARM.exidx.text.ReadChar), (8 bytes).
    Removing calculator.o(.text), (0 bytes).
    Removing calculator.o(.ARM.exidx.text.add_to_expression), (8 bytes).
    Removing calculator.o(.ARM.exidx.text.reset_expression), (8 bytes).
    Removing calculator.o(.text.char_to_num), (68 bytes).
    Removing calculator.o(.ARM.exidx.text.char_to_num), (8 bytes).
    Removing calculator.o(.ARM.exidx.text.num_to_char), (8 bytes).
    Removing calculator.o(.ARM.exidx.text.calculate), (8 bytes).
    Removing startup_tm4c123.o(HEAP), (0 bytes).
    Removing system_tm4c123.o(.text), (0 bytes).
    Removing system_tm4c123.o(.text.SystemCoreClockUpdate), (280 bytes).
    Removing system_tm4c123.o(.ARM.exidx.text.SystemCoreClockUpdate), (8 bytes).
    Removing system_tm4c123.o(.ARM.exidx.text.SystemInit), (8 bytes).
    Removing system_tm4c123.o(.data.SystemCoreClock), (4 bytes).
    Removing system_tm4c123.o(.rodata..Lswitch.table.SystemCoreClockUpdate.1), (92 bytes).

40 unused section(s) (total 776 bytes) removed from the image.

==============================================================================

Image Symbol Table

    Local Symbols

    Symbol Name                              Value     Ov Type        Size  Object(Section)

    ../clib/division.s                       0x00000000   Number         0  aeabi_sdiv.o ABSOLUTE
    ../clib/microlib/ctype/ctype.c           0x00000000   Number         0  isspace_c.o ABSOLUTE
    ../clib/microlib/ctype/ctype.c           0x00000000   Number         0  ctype_c.o ABSOLUTE
    ../clib/microlib/division.c              0x00000000   Number         0  uidiv.o ABSOLUTE
    ../clib/microlib/division.c              0x00000000   Number         0  uldiv.o ABSOLUTE
    ../clib/microlib/init/entry.s            0x00000000   Number         0  entry.o ABSOLUTE
    ../clib/microlib/init/entry.s            0x00000000   Number         0  entry2.o ABSOLUTE
    ../clib/microlib/init/entry.s            0x00000000   Number         0  entry5.o ABSOLUTE
    ../clib/microlib/init/entry.s            0x00000000   Number         0  entry7a.o ABSOLUTE
    ../clib/microlib/init/entry.s            0x00000000   Number         0  entry7b.o ABSOLUTE
    ../clib/microlib/init/entry.s            0x00000000   Number         0  entry8a.o ABSOLUTE
    ../clib/microlib/init/entry.s            0x00000000   Number         0  entry8b.o ABSOLUTE
    ../clib/microlib/init/entry.s            0x00000000   Number         0  entry9a.o ABSOLUTE
    ../clib/microlib/init/entry.s            0x00000000   Number         0  entry9b.o ABSOLUTE
    ../clib/microlib/init/entry.s            0x00000000   Number         0  entry10a.o ABSOLUTE
    ../clib/microlib/init/entry.s            0x00000000   Number         0  entry10b.o ABSOLUTE
    ../clib/microlib/init/entry.s            0x00000000   Number         0  entry11a.o ABSOLUTE
    ../clib/microlib/init/entry.s            0x00000000   Number         0  entry11b.o ABSOLUTE
    ../clib/microlib/longlong.c              0x00000000   Number         0  llshl.o ABSOLUTE
    ../clib/microlib/longlong.c              0x00000000   Number         0  llushr.o ABSOLUTE
    ../clib/microlib/longlong.c              0x00000000   Number         0  llsshr.o ABSOLUTE
    ../clib/microlib/printf/printf.c         0x00000000   Number         0  printfb.o ABSOLUTE
    ../clib/microlib/printf/printf.c         0x00000000   Number         0  printf0.o ABSOLUTE
    ../clib/microlib/printf/printf.c         0x00000000   Number         0  printf1.o ABSOLUTE
    ../clib/microlib/printf/printf.c         0x00000000   Number         0  printf2.o ABSOLUTE
    ../clib/microlib/printf/printf.c         0x00000000   Number         0  printf3.o ABSOLUTE
    ../clib/microlib/printf/printf.c         0x00000000   Number         0  printf4.o ABSOLUTE
    ../clib/microlib/printf/printf.c         0x00000000   Number         0  printf5.o ABSOLUTE
    ../clib/microlib/printf/printf.c         0x00000000   Number         0  printf6.o ABSOLUTE
    ../clib/microlib/printf/printf.c         0x00000000   Number         0  printf7.o ABSOLUTE
    ../clib/microlib/printf/printf.c         0x00000000   Number         0  printf8.o ABSOLUTE
    ../clib/microlib/printf/printf.c         0x00000000   Number         0  printfa.o ABSOLUTE
    ../clib/microlib/printf/stubs.s          0x00000000   Number         0  printfstubs.o ABSOLUTE
    ../clib/microlib/stdio/fputc.c           0x00000000   Number         0  fputc.o ABSOLUTE
    ../clib/microlib/stdio/fputc.c           0x00000000   Number         0  fputc_h.o ABSOLUTE
    ../clib/microlib/stdio/semi.s            0x00000000   Number         0  semi.o ABSOLUTE
    ../clib/microlib/stdio/streams.c         0x00000000   Number         0  stdout.o ABSOLUTE
    ../clib/microlib/stubs.s                 0x00000000   Number         0  iusefp.o ABSOLUTE
    ../clib/microlib/stubs.s                 0x00000000   Number         0  iusesemip.o ABSOLUTE
    ../clib/scanf.c                          0x00000000   Number         0  __0sscanf.o ABSOLUTE
    ../clib/scanf.c                          0x00000000   Number         0  _scanf_int.o ABSOLUTE
    ../clib/scanf.c                          0x00000000   Number         0  _chval.o ABSOLUTE
    ../clib/scanf.c                          0x00000000   Number         0  scanf_char.o ABSOLUTE
    ../clib/scanf.c                          0x00000000   Number         0  _sgetc.o ABSOLUTE
    ../clib/scanf.c                          0x00000000   Number         0  _scanf.o ABSOLUTE
    ../fplib/microlib/f2d.c                  0x00000000   Number         0  f2d.o ABSOLUTE
    ../fplib/microlib/fpadd.c                0x00000000   Number         0  dadd.o ABSOLUTE
    ../fplib/microlib/fpdiv.c                0x00000000   Number         0  ddiv.o ABSOLUTE
    ../fplib/microlib/fpepilogue.c           0x00000000   Number         0  depilogue.o ABSOLUTE
    ../fplib/microlib/fpfix.c                0x00000000   Number         0  dfixul.o ABSOLUTE
    ../fplib/microlib/fpmul.c                0x00000000   Number         0  dmul.o ABSOLUTE
    RTE/Device/TM4C123GH6PM/startup_TM4C123.s 0x00000000   Number         0  startup_tm4c123.o ABSOLUTE
    calculator.c                             0x00000000   Number         0  calculator.o ABSOLUTE
    cdrcmple.s                               0x00000000   Number         0  cdrcmple.o ABSOLUTE
    clockInit.c                              0x00000000   Number         0  clockinit.o ABSOLUTE
    dc.s                                     0x00000000   Number         0  dc.o ABSOLUTE
    handlers.s                               0x00000000   Number         0  handlers.o ABSOLUTE
    init.s                                   0x00000000   Number         0  init.o ABSOLUTE
    keypad.c                                 0x00000000   Number         0  keypad.o ABSOLUTE
    lcd.c                                    0x00000000   Number         0  lcd.o ABSOLUTE
    main.c                                   0x00000000   Number         0  main.o ABSOLUTE
    portInit.c                               0x00000000   Number         0  portinit.o ABSOLUTE
    system_TM4C123.c                         0x00000000   Number         0  system_tm4c123.o ABSOLUTE
    RESET                                    0x00000000   Section      620  startup_tm4c123.o(RESET)
    .ARM.Collect$$$$00000000                 0x0000026c   Section        0  entry.o(.ARM.Collect$$$$00000000)
    .ARM.Collect$$$$00000001                 0x0000026c   Section        4  entry2.o(.ARM.Collect$$$$00000001)
    .ARM.Collect$$$$00000004                 0x00000270   Section        4  entry5.o(.ARM.Collect$$$$00000004)
    .ARM.Collect$$$$00000008                 0x00000274   Section        0  entry7b.o(.ARM.Collect$$$$00000008)
    .ARM.Collect$$$$0000000A                 0x00000274   Section        0  entry8b.o(.ARM.Collect$$$$0000000A)
    .ARM.Collect$$$$0000000B                 0x00000274   Section        8  entry9a.o(.ARM.Collect$$$$0000000B)
    __lit__00000000                          0x0000027c   Data           4  entry2.o(.ARM.Collect$$$$00002712)
    .ARM.Collect$$$$0000000D                 0x0000027c   Section        0  entry10a.o(.ARM.Collect$$$$0000000D)
    .ARM.Collect$$$$0000000F                 0x0000027c   Section        0  entry11a.o(.ARM.Collect$$$$0000000F)
    .ARM.Collect$$$$00002712                 0x0000027c   Section        4  entry2.o(.ARM.Collect$$$$00002712)
    $v0                                      0x00000280   Number         0  startup_tm4c123.o(.text)
    .text                                    0x00000280   Section      252  startup_tm4c123.o(.text)
    .text                                    0x0000037c   Section        0  __0sscanf.o(.text)
    .text                                    0x000003b4   Section        0  _scanf_int.o(.text)
    .text                                    0x00000500   Section        0  f2d.o(.text)
    .text                                    0x00000526   Section        0  uidiv.o(.text)
    .text                                    0x00000552   Section        0  uldiv.o(.text)
    .text                                    0x000005b4   Section        0  _chval.o(.text)
    _scanf_char_input                        0x000005d1   Thumb Code    12  scanf_char.o(.text)
    .text                                    0x000005d0   Section        0  scanf_char.o(.text)
    .text                                    0x000005f8   Section        0  _sgetc.o(.text)
    .text                                    0x00000638   Section        0  iusefp.o(.text)
    .text                                    0x00000638   Section        0  dadd.o(.text)
    .text                                    0x00000786   Section        0  dmul.o(.text)
    .text                                    0x0000086a   Section        0  ddiv.o(.text)
    .text                                    0x00000948   Section        0  dfixul.o(.text)
    .text                                    0x00000978   Section       48  cdrcmple.o(.text)
    .text                                    0x000009a8   Section       36  init.o(.text)
    .text                                    0x000009cc   Section        0  llshl.o(.text)
    .text                                    0x000009ea   Section        0  llushr.o(.text)
    .text                                    0x00000a0a   Section        0  llsshr.o(.text)
    .text                                    0x00000a2e   Section        0  isspace_c.o(.text)
    .text                                    0x00000a38   Section        0  _scanf.o(.text)
    .text                                    0x00000d64   Section        0  depilogue.o(.text)
    .text                                    0x00000e20   Section        0  ctype_c.o(.text)
    [Anonymous Symbol]                       0x00000e48   Section        0  lcd.o(.text.ClearDisplay)
    [Anonymous Symbol]                       0x00000efc   Section        0  lcd.o(.text.LCD_Init)
    [Anonymous Symbol]                       0x000012a8   Section        0  clockinit.o(.text.PLL_Init)
    [Anonymous Symbol]                       0x00001304   Section        0  portinit.o(.text.Ports_Init)
    [Anonymous Symbol]                       0x0000142c   Section        0  keypad.o(.text.ReadChar)
    [Anonymous Symbol]                       0x000014a8   Section        0  lcd.o(.text.SendDisplayArr)
    [Anonymous Symbol]                       0x000014e4   Section        0  lcd.o(.text.SendDisplayCommand)
    [Anonymous Symbol]                       0x00001508   Section        0  lcd.o(.text.SendDisplayNibble)
    [Anonymous Symbol]                       0x00001578   Section        0  clockinit.o(.text.SysTick_Init)
    [Anonymous Symbol]                       0x00001594   Section        0  clockinit.o(.text.SysTick_Wait)
    [Anonymous Symbol]                       0x000015ac   Section        0  clockinit.o(.text.SysTick_Wait_ms)
    [Anonymous Symbol]                       0x000015ec   Section        0  clockinit.o(.text.SysTick_Wait_ys)
    [Anonymous Symbol]                       0x00001620   Section        0  system_tm4c123.o(.text.SystemInit)
    [Anonymous Symbol]                       0x00001690   Section        0  calculator.o(.text.add_to_expression)
    [Anonymous Symbol]                       0x000016ac   Section        0  calculator.o(.text.calculate)
    [Anonymous Symbol]                       0x000019f8   Section        0  main.o(.text.main)
    [Anonymous Symbol]                       0x00001aac   Section        0  calculator.o(.text.num_to_char)
    [Anonymous Symbol]                       0x00001ad0   Section        0  calculator.o(.text.reset_expression)
    i.__0sprintf                             0x00001ae4   Section        0  printfa.o(i.__0sprintf)
    i.__scatterload_copy                     0x00001b0c   Section       14  handlers.o(i.__scatterload_copy)
    i.__scatterload_null                     0x00001b1a   Section        2  handlers.o(i.__scatterload_null)
    i.__scatterload_zeroinit                 0x00001b1c   Section       14  handlers.o(i.__scatterload_zeroinit)
    _fp_digits                               0x00001b2d   Thumb Code   366  printfa.o(i._fp_digits)
    i._fp_digits                             0x00001b2c   Section        0  printfa.o(i._fp_digits)
    _printf_core                             0x00001cb1   Thumb Code  1744  printfa.o(i._printf_core)
    i._printf_core                           0x00001cb0   Section        0  printfa.o(i._printf_core)
    _printf_post_padding                     0x0000238d   Thumb Code    36  printfa.o(i._printf_post_padding)
    i._printf_post_padding                   0x0000238c   Section        0  printfa.o(i._printf_post_padding)
    _printf_pre_padding                      0x000023b1   Thumb Code    46  printfa.o(i._printf_pre_padding)
    i._printf_pre_padding                    0x000023b0   Section        0  printfa.o(i._printf_pre_padding)
    _sputc                                   0x000023df   Thumb Code    10  printfa.o(i._sputc)
    i._sputc                                 0x000023de   Section        0  printfa.o(i._sputc)
    .constdata                               0x000023e8   Section       64  ctype_c.o(.constdata)
    .L.str.1                                 0x00002428   Data           3  calculator.o(.rodata.str1.1)
    [Anonymous Symbol]                       0x00002428   Section        0  calculator.o(.rodata.str1.1)
    STACK                                    0x20000030   Section      512  startup_tm4c123.o(STACK)

    Global Symbols

    Symbol Name                              Value     Ov Type        Size  Object(Section)

    BuildAttributes$$THM_ISAv4$E$P$D$K$B$S$7EM$VFPi3$EXTD16$VFPS$VFMA$PE$A:L22UL41UL21$X:L11$S22US41US21$IEEE1$IW$~IW$USESV6$~STKCKD$USESV7$~SHL$OTIME$ROPI$EBA8$MICROLIB$REQ8$PRES8$EABIv2 0x00000000   Number         0  anon$$obj.o ABSOLUTE
    __Vectors                                0x00000000   Data           4  startup_tm4c123.o(RESET)
    _printf_a                                0x00000000   Number         0  printfstubs.o ABSOLUTE
    _printf_c                                0x00000000   Number         0  printfstubs.o ABSOLUTE
    _printf_charcount                        0x00000000   Number         0  printfstubs.o ABSOLUTE
    _printf_d                                0x00000000   Number         0  printfstubs.o ABSOLUTE
    _printf_e                                0x00000000   Number         0  printfstubs.o ABSOLUTE
    _printf_f                                0x00000000   Number         0  printfstubs.o ABSOLUTE
    _printf_flags                            0x00000000   Number         0  printfstubs.o ABSOLUTE
    _printf_fp_dec                           0x00000000   Number         0  printfstubs.o ABSOLUTE
    _printf_fp_hex                           0x00000000   Number         0  printfstubs.o ABSOLUTE
    _printf_g                                0x00000000   Number         0  printfstubs.o ABSOLUTE
    _printf_i                                0x00000000   Number         0  printfstubs.o ABSOLUTE
    _printf_int_dec                          0x00000000   Number         0  printfstubs.o ABSOLUTE
    _printf_l                                0x00000000   Number         0  printfstubs.o ABSOLUTE
    _printf_lc                               0x00000000   Number         0  printfstubs.o ABSOLUTE
    _printf_ll                               0x00000000   Number         0  printfstubs.o ABSOLUTE
    _printf_lld                              0x00000000   Number         0  printfstubs.o ABSOLUTE
    _printf_lli                              0x00000000   Number         0  printfstubs.o ABSOLUTE
    _printf_llo                              0x00000000   Number         0  printfstubs.o ABSOLUTE
    _printf_llu                              0x00000000   Number         0  printfstubs.o ABSOLUTE
    _printf_llx                              0x00000000   Number         0  printfstubs.o ABSOLUTE
    _printf_longlong_dec                     0x00000000   Number         0  printfstubs.o ABSOLUTE
    _printf_longlong_hex                     0x00000000   Number         0  printfstubs.o ABSOLUTE
    _printf_longlong_oct                     0x00000000   Number         0  printfstubs.o ABSOLUTE
    _printf_ls                               0x00000000   Number         0  printfstubs.o ABSOLUTE
    _printf_mbtowc                           0x00000000   Number         0  printfstubs.o ABSOLUTE
    _printf_n                                0x00000000   Number         0  printfstubs.o ABSOLUTE
    _printf_o                                0x00000000   Number         0  printfstubs.o ABSOLUTE
    _printf_p                                0x00000000   Number         0  printfstubs.o ABSOLUTE
    _printf_percent                          0x00000000   Number         0  printfstubs.o ABSOLUTE
    _printf_pre_padding                      0x00000000   Number         0  printfstubs.o ABSOLUTE
    _printf_return_value                     0x00000000   Number         0  printfstubs.o ABSOLUTE
    _printf_s                                0x00000000   Number         0  printfstubs.o ABSOLUTE
    _printf_sizespec                         0x00000000   Number         0  printfstubs.o ABSOLUTE
    _printf_str                              0x00000000   Number         0  printfstubs.o ABSOLUTE
    _printf_truncate_signed                  0x00000000   Number         0  printfstubs.o ABSOLUTE
    _printf_truncate_unsigned                0x00000000   Number         0  printfstubs.o ABSOLUTE
    _printf_u                                0x00000000   Number         0  printfstubs.o ABSOLUTE
    _printf_wc                               0x00000000   Number         0  printfstubs.o ABSOLUTE
    _printf_wctomb                           0x00000000   Number         0  printfstubs.o ABSOLUTE
    _printf_widthprec                        0x00000000   Number         0  printfstubs.o ABSOLUTE
    _printf_x                                0x00000000   Number         0  printfstubs.o ABSOLUTE
    __cpp_initialize__aeabi_                  - Undefined Weak Reference
    __cxa_finalize                            - Undefined Weak Reference
    __decompress                              - Undefined Weak Reference
    _clock_init                               - Undefined Weak Reference
    _microlib_exit                            - Undefined Weak Reference
    _scanf_longlong                           - Undefined Weak Reference
    _scanf_real                               - Undefined Weak Reference
    _scanf_string                             - Undefined Weak Reference
    __Vectors_End                            0x0000026c   Data           0  startup_tm4c123.o(RESET)
    __Vectors_Size                           0x0000026c   Number         0  startup_tm4c123.o ABSOLUTE
    __main                                   0x0000026d   Thumb Code     0  entry.o(.ARM.Collect$$$$00000000)
    _main_stk                                0x0000026d   Thumb Code     0  entry2.o(.ARM.Collect$$$$00000001)
    _main_scatterload                        0x00000271   Thumb Code     0  entry5.o(.ARM.Collect$$$$00000004)
    __main_after_scatterload                 0x00000275   Thumb Code     0  entry5.o(.ARM.Collect$$$$00000004)
    _main_clock                              0x00000275   Thumb Code     0  entry7b.o(.ARM.Collect$$$$00000008)
    _main_cpp_init                           0x00000275   Thumb Code     0  entry8b.o(.ARM.Collect$$$$0000000A)
    _main_init                               0x00000275   Thumb Code     0  entry9a.o(.ARM.Collect$$$$0000000B)
    __rt_final_cpp                           0x0000027d   Thumb Code     0  entry10a.o(.ARM.Collect$$$$0000000D)
    __rt_final_exit                          0x0000027d   Thumb Code     0  entry11a.o(.ARM.Collect$$$$0000000F)
    Reset_Handler                            0x00000281   Thumb Code     8  startup_tm4c123.o(.text)
    NMI_Handler                              0x00000289   Thumb Code     2  startup_tm4c123.o(.text)
    HardFault_Handler                        0x0000028b   Thumb Code     2  startup_tm4c123.o(.text)
    MemManage_Handler                        0x0000028d   Thumb Code     2  startup_tm4c123.o(.text)
    BusFault_Handler                         0x0000028f   Thumb Code     2  startup_tm4c123.o(.text)
    UsageFault_Handler                       0x00000291   Thumb Code     2  startup_tm4c123.o(.text)
    SVC_Handler                              0x00000293   Thumb Code     2  startup_tm4c123.o(.text)
    DebugMon_Handler                         0x00000295   Thumb Code     2  startup_tm4c123.o(.text)
    PendSV_Handler                           0x00000297   Thumb Code     2  startup_tm4c123.o(.text)
    SysTick_Handler                          0x00000299   Thumb Code     2  startup_tm4c123.o(.text)
    GPIOA_Handler                            0x0000029b   Thumb Code     2  startup_tm4c123.o(.text)
    GPIOB_Handler                            0x0000029d   Thumb Code     2  startup_tm4c123.o(.text)
    GPIOC_Handler                            0x0000029f   Thumb Code     2  startup_tm4c123.o(.text)
    GPIOD_Handler                            0x000002a1   Thumb Code     2  startup_tm4c123.o(.text)
    GPIOE_Handler                            0x000002a3   Thumb Code     2  startup_tm4c123.o(.text)
    UART0_Handler                            0x000002a5   Thumb Code     2  startup_tm4c123.o(.text)
    UART1_Handler                            0x000002a7   Thumb Code     2  startup_tm4c123.o(.text)
    SSI0_Handler                             0x000002a9   Thumb Code     2  startup_tm4c123.o(.text)
    I2C0_Handler                             0x000002ab   Thumb Code     2  startup_tm4c123.o(.text)
    PMW0_FAULT_Handler                       0x000002ad   Thumb Code     2  startup_tm4c123.o(.text)
    PWM0_0_Handler                           0x000002af   Thumb Code     2  startup_tm4c123.o(.text)
    PWM0_1_Handler                           0x000002b1   Thumb Code     2  startup_tm4c123.o(.text)
    PWM0_2_Handler                           0x000002b3   Thumb Code     2  startup_tm4c123.o(.text)
    QEI0_Handler                             0x000002b5   Thumb Code     2  startup_tm4c123.o(.text)
    ADC0SS0_Handler                          0x000002b7   Thumb Code     2  startup_tm4c123.o(.text)
    ADC0SS1_Handler                          0x000002b9   Thumb Code     2  startup_tm4c123.o(.text)
    ADC0SS2_Handler                          0x000002bb   Thumb Code     2  startup_tm4c123.o(.text)
    ADC0SS3_Handler                          0x000002bd   Thumb Code     2  startup_tm4c123.o(.text)
    WDT0_Handler                             0x000002bf   Thumb Code     2  startup_tm4c123.o(.text)
    TIMER0A_Handler                          0x000002c1   Thumb Code     2  startup_tm4c123.o(.text)
    TIMER0B_Handler                          0x000002c3   Thumb Code     2  startup_tm4c123.o(.text)
    TIMER1A_Handler                          0x000002c5   Thumb Code     2  startup_tm4c123.o(.text)
    TIMER1B_Handler                          0x000002c7   Thumb Code     2  startup_tm4c123.o(.text)
    TIMER2A_Handler                          0x000002c9   Thumb Code     2  startup_tm4c123.o(.text)
    TIMER2B_Handler                          0x000002cb   Thumb Code     2  startup_tm4c123.o(.text)
    COMP0_Handler                            0x000002cd   Thumb Code     2  startup_tm4c123.o(.text)
    COMP1_Handler                            0x000002cf   Thumb Code     2  startup_tm4c123.o(.text)
    COMP2_Handler                            0x000002d1   Thumb Code     2  startup_tm4c123.o(.text)
    SYSCTL_Handler                           0x000002d3   Thumb Code     2  startup_tm4c123.o(.text)
    FLASH_Handler                            0x000002d5   Thumb Code     2  startup_tm4c123.o(.text)
    GPIOF_Handler                            0x000002d7   Thumb Code     2  startup_tm4c123.o(.text)
    GPIOG_Handler                            0x000002d9   Thumb Code     2  startup_tm4c123.o(.text)
    GPIOH_Handler                            0x000002db   Thumb Code     2  startup_tm4c123.o(.text)
    UART2_Handler                            0x000002dd   Thumb Code     2  startup_tm4c123.o(.text)
    SSI1_Handler                             0x000002df   Thumb Code     2  startup_tm4c123.o(.text)
    TIMER3A_Handler                          0x000002e1   Thumb Code     2  startup_tm4c123.o(.text)
    TIMER3B_Handler                          0x000002e3   Thumb Code     2  startup_tm4c123.o(.text)
    I2C1_Handler                             0x000002e5   Thumb Code     2  startup_tm4c123.o(.text)
    QEI1_Handler                             0x000002e7   Thumb Code     2  startup_tm4c123.o(.text)
    CAN0_Handler                             0x000002e9   Thumb Code     2  startup_tm4c123.o(.text)
    CAN1_Handler                             0x000002eb   Thumb Code     2  startup_tm4c123.o(.text)
    CAN2_Handler                             0x000002ed   Thumb Code     2  startup_tm4c123.o(.text)
    HIB_Handler                              0x000002ef   Thumb Code     2  startup_tm4c123.o(.text)
    USB0_Handler                             0x000002f1   Thumb Code     2  startup_tm4c123.o(.text)
    PWM0_3_Handler                           0x000002f3   Thumb Code     2  startup_tm4c123.o(.text)
    UDMA_Handler                             0x000002f5   Thumb Code     2  startup_tm4c123.o(.text)
    UDMAERR_Handler                          0x000002f7   Thumb Code     2  startup_tm4c123.o(.text)
    ADC1SS0_Handler                          0x000002f9   Thumb Code     2  startup_tm4c123.o(.text)
    ADC1SS1_Handler                          0x000002fb   Thumb Code     2  startup_tm4c123.o(.text)
    ADC1SS2_Handler                          0x000002fd   Thumb Code     2  startup_tm4c123.o(.text)
    ADC1SS3_Handler                          0x000002ff   Thumb Code     2  startup_tm4c123.o(.text)
    GPIOJ_Handler                            0x00000301   Thumb Code     2  startup_tm4c123.o(.text)
    GPIOK_Handler                            0x00000303   Thumb Code     2  startup_tm4c123.o(.text)
    GPIOL_Handler                            0x00000305   Thumb Code     2  startup_tm4c123.o(.text)
    SSI2_Handler                             0x00000307   Thumb Code     2  startup_tm4c123.o(.text)
    SSI3_Handler                             0x00000309   Thumb Code     2  startup_tm4c123.o(.text)
    UART3_Handler                            0x0000030b   Thumb Code     2  startup_tm4c123.o(.text)
    UART4_Handler                            0x0000030d   Thumb Code     2  startup_tm4c123.o(.text)
    UART5_Handler                            0x0000030f   Thumb Code     2  startup_tm4c123.o(.text)
    UART6_Handler                            0x00000311   Thumb Code     2  startup_tm4c123.o(.text)
    UART7_Handler                            0x00000313   Thumb Code     2  startup_tm4c123.o(.text)
    I2C2_Handler                             0x00000315   Thumb Code     2  startup_tm4c123.o(.text)
    I2C3_Handler                             0x00000317   Thumb Code     2  startup_tm4c123.o(.text)
    TIMER4A_Handler                          0x00000319   Thumb Code     2  startup_tm4c123.o(.text)
    TIMER4B_Handler                          0x0000031b   Thumb Code     2  startup_tm4c123.o(.text)
    TIMER5A_Handler                          0x0000031d   Thumb Code     2  startup_tm4c123.o(.text)
    TIMER5B_Handler                          0x0000031f   Thumb Code     2  startup_tm4c123.o(.text)
    WTIMER0A_Handler                         0x00000321   Thumb Code     2  startup_tm4c123.o(.text)
    WTIMER0B_Handler                         0x00000323   Thumb Code     2  startup_tm4c123.o(.text)
    WTIMER1A_Handler                         0x00000325   Thumb Code     2  startup_tm4c123.o(.text)
    WTIMER1B_Handler                         0x00000327   Thumb Code     2  startup_tm4c123.o(.text)
    WTIMER2A_Handler                         0x00000329   Thumb Code     2  startup_tm4c123.o(.text)
    WTIMER2B_Handler                         0x0000032b   Thumb Code     2  startup_tm4c123.o(.text)
    WTIMER3A_Handler                         0x0000032d   Thumb Code     2  startup_tm4c123.o(.text)
    WTIMER3B_Handler                         0x0000032f   Thumb Code     2  startup_tm4c123.o(.text)
    WTIMER4A_Handler                         0x00000331   Thumb Code     2  startup_tm4c123.o(.text)
    WTIMER4B_Handler                         0x00000333   Thumb Code     2  startup_tm4c123.o(.text)
    WTIMER5A_Handler                         0x00000335   Thumb Code     2  startup_tm4c123.o(.text)
    WTIMER5B_Handler                         0x00000337   Thumb Code     2  startup_tm4c123.o(.text)
    FPU_Handler                              0x00000339   Thumb Code     2  startup_tm4c123.o(.text)
    I2C4_Handler                             0x0000033b   Thumb Code     2  startup_tm4c123.o(.text)
    I2C5_Handler                             0x0000033d   Thumb Code     2  startup_tm4c123.o(.text)
    GPIOM_Handler                            0x0000033f   Thumb Code     2  startup_tm4c123.o(.text)
    GPION_Handler                            0x00000341   Thumb Code     2  startup_tm4c123.o(.text)
    QEI2_Handler                             0x00000343   Thumb Code     2  startup_tm4c123.o(.text)
    GPIOP0_Handler                           0x00000345   Thumb Code     2  startup_tm4c123.o(.text)
    GPIOP1_Handler                           0x00000347   Thumb Code     2  startup_tm4c123.o(.text)
    GPIOP2_Handler                           0x00000349   Thumb Code     2  startup_tm4c123.o(.text)
    GPIOP3_Handler                           0x0000034b   Thumb Code     2  startup_tm4c123.o(.text)
    GPIOP4_Handler                           0x0000034d   Thumb Code     2  startup_tm4c123.o(.text)
    GPIOP5_Handler                           0x0000034f   Thumb Code     2  startup_tm4c123.o(.text)
    GPIOP6_Handler                           0x00000351   Thumb Code     2  startup_tm4c123.o(.text)
    GPIOP7_Handler                           0x00000353   Thumb Code     2  startup_tm4c123.o(.text)
    GPIOQ0_Handler                           0x00000355   Thumb Code     2  startup_tm4c123.o(.text)
    GPIOQ1_Handler                           0x00000357   Thumb Code     2  startup_tm4c123.o(.text)
    GPIOQ2_Handler                           0x00000359   Thumb Code     2  startup_tm4c123.o(.text)
    GPIOQ3_Handler                           0x0000035b   Thumb Code     2  startup_tm4c123.o(.text)
    GPIOQ4_Handler                           0x0000035d   Thumb Code     2  startup_tm4c123.o(.text)
    GPIOQ5_Handler                           0x0000035f   Thumb Code     2  startup_tm4c123.o(.text)
    GPIOQ6_Handler                           0x00000361   Thumb Code     2  startup_tm4c123.o(.text)
    GPIOQ7_Handler                           0x00000363   Thumb Code     2  startup_tm4c123.o(.text)
    GPIOR_Handler                            0x00000365   Thumb Code     2  startup_tm4c123.o(.text)
    GPIOS_Handler                            0x00000367   Thumb Code     2  startup_tm4c123.o(.text)
    PMW1_0_Handler                           0x00000369   Thumb Code     2  startup_tm4c123.o(.text)
    PWM1_1_Handler                           0x0000036b   Thumb Code     2  startup_tm4c123.o(.text)
    PWM1_2_Handler                           0x0000036d   Thumb Code     2  startup_tm4c123.o(.text)
    PWM1_3_Handler                           0x0000036f   Thumb Code     2  startup_tm4c123.o(.text)
    PWM1_FAULT_Handler                       0x00000371   Thumb Code     2  startup_tm4c123.o(.text)
    __0sscanf                                0x0000037d   Thumb Code    48  __0sscanf.o(.text)
    _scanf_int                               0x000003b5   Thumb Code   332  _scanf_int.o(.text)
    __aeabi_f2d                              0x00000501   Thumb Code    38  f2d.o(.text)
    __aeabi_uidiv                            0x00000527   Thumb Code     0  uidiv.o(.text)
    __aeabi_uidivmod                         0x00000527   Thumb Code    44  uidiv.o(.text)
    __aeabi_uldivmod                         0x00000553   Thumb Code    98  uldiv.o(.text)
    _chval                                   0x000005b5   Thumb Code    28  _chval.o(.text)
    __vfscanf_char                           0x000005dd   Thumb Code    20  scanf_char.o(.text)
    _sgetc                                   0x000005f9   Thumb Code    30  _sgetc.o(.text)
    _sbackspace                              0x00000617   Thumb Code    34  _sgetc.o(.text)
    __I$use$fp                               0x00000639   Thumb Code     0  iusefp.o(.text)
    __aeabi_dadd                             0x00000639   Thumb Code   322  dadd.o(.text)
    __aeabi_dsub                             0x0000077b   Thumb Code     6  dadd.o(.text)
    __aeabi_drsub                            0x00000781   Thumb Code     6  dadd.o(.text)
    __aeabi_dmul                             0x00000787   Thumb Code   228  dmul.o(.text)
    __aeabi_ddiv                             0x0000086b   Thumb Code   222  ddiv.o(.text)
    __aeabi_d2ulz                            0x00000949   Thumb Code    48  dfixul.o(.text)
    __aeabi_cdrcmple                         0x00000979   Thumb Code    48  cdrcmple.o(.text)
    __scatterload                            0x000009a9   Thumb Code    28  init.o(.text)
    __scatterload_rt2                        0x000009a9   Thumb Code     0  init.o(.text)
    __aeabi_llsl                             0x000009cd   Thumb Code    30  llshl.o(.text)
    _ll_shift_l                              0x000009cd   Thumb Code     0  llshl.o(.text)
    __aeabi_llsr                             0x000009eb   Thumb Code    32  llushr.o(.text)
    _ll_ushift_r                             0x000009eb   Thumb Code     0  llushr.o(.text)
    __aeabi_lasr                             0x00000a0b   Thumb Code    36  llsshr.o(.text)
    _ll_sshift_r                             0x00000a0b   Thumb Code     0  llsshr.o(.text)
    isspace                                  0x00000a2f   Thumb Code    10  isspace_c.o(.text)
    __vfscanf                                0x00000a39   Thumb Code   808  _scanf.o(.text)
    _double_round                            0x00000d65   Thumb Code    30  depilogue.o(.text)
    _double_epilogue                         0x00000d83   Thumb Code   156  depilogue.o(.text)
    __ctype_lookup                           0x00000e21   Thumb Code    34  ctype_c.o(.text)
    ClearDisplay                             0x00000e49   Thumb Code   180  lcd.o(.text.ClearDisplay)
    LCD_Init                                 0x00000efd   Thumb Code   940  lcd.o(.text.LCD_Init)
    PLL_Init                                 0x000012a9   Thumb Code    90  clockinit.o(.text.PLL_Init)
    Ports_Init                               0x00001305   Thumb Code   296  portinit.o(.text.Ports_Init)
    ReadChar                                 0x0000142d   Thumb Code   108  keypad.o(.text.ReadChar)
    SendDisplayArr                           0x000014a9   Thumb Code    60  lcd.o(.text.SendDisplayArr)
    SendDisplayCommand                       0x000014e5   Thumb Code    36  lcd.o(.text.SendDisplayCommand)
    SendDisplayNibble                        0x00001509   Thumb Code   110  lcd.o(.text.SendDisplayNibble)
    SysTick_Init                             0x00001579   Thumb Code    26  clockinit.o(.text.SysTick_Init)
    SysTick_Wait                             0x00001595   Thumb Code    24  clockinit.o(.text.SysTick_Wait)
    SysTick_Wait_ms                          0x000015ad   Thumb Code    64  clockinit.o(.text.SysTick_Wait_ms)
    SysTick_Wait_ys                          0x000015ed   Thumb Code    50  clockinit.o(.text.SysTick_Wait_ys)
    SystemInit                               0x00001621   Thumb Code   112  system_tm4c123.o(.text.SystemInit)
    add_to_expression                        0x00001691   Thumb Code    26  calculator.o(.text.add_to_expression)
    calculate                                0x000016ad   Thumb Code   842  calculator.o(.text.calculate)
    main                                     0x000019f9   Thumb Code   180  main.o(.text.main)
    num_to_char                              0x00001aad   Thumb Code    28  calculator.o(.text.num_to_char)
    reset_expression                         0x00001ad1   Thumb Code    20  calculator.o(.text.reset_expression)
    __0sprintf                               0x00001ae5   Thumb Code    34  printfa.o(i.__0sprintf)
    __1sprintf                               0x00001ae5   Thumb Code     0  printfa.o(i.__0sprintf)
    __2sprintf                               0x00001ae5   Thumb Code     0  printfa.o(i.__0sprintf)
    __c89sprintf                             0x00001ae5   Thumb Code     0  printfa.o(i.__0sprintf)
    sprintf                                  0x00001ae5   Thumb Code     0  printfa.o(i.__0sprintf)
    __scatterload_copy                       0x00001b0d   Thumb Code    14  handlers.o(i.__scatterload_copy)
    __scatterload_null                       0x00001b1b   Thumb Code     2  handlers.o(i.__scatterload_null)
    __scatterload_zeroinit                   0x00001b1d   Thumb Code    14  handlers.o(i.__scatterload_zeroinit)
    __ctype_categories                       0x000023e8   Data          64  ctype_c.o(.constdata)
    Region$$Table$$Base                      0x0000242c   Number         0  anon$$obj.o(Region$$Table)
    Region$$Table$$Limit                     0x0000243c   Number         0  anon$$obj.o(Region$$Table)
    ans                                      0x20000000   Data           4  main.o(.bss.ans)
    ans_arr                                  0x20000004   Data          16  main.o(.bss.ans_arr)
    expression                               0x20000014   Data          16  main.o(.bss.expression)
    key_pressed                              0x20000024   Data           1  main.o(.bss.key_pressed)
    out                                      0x20000028   Data           4  main.o(.bss.out)
    __initial_sp                             0x20000230   Data           0  startup_tm4c123.o(STACK)



==============================================================================

Memory Map of the image

  Image Entry point : 0x0000026d

  Load Region LR_IROM1 (Base: 0x00000000, Size: 0x0000243c, Max: 0x00040000, ABSOLUTE)

    Execution Region ER_IROM1 (Exec base: 0x00000000, Load base: 0x00000000, Size: 0x0000243c, Max: 0x00040000, ABSOLUTE)

    Exec Addr    Load Addr    Size         Type   Attr      Idx    E Section Name        Object

    0x00000000   0x00000000   0x0000026c   Data   RO           96    RESET               startup_tm4c123.o
    0x0000026c   0x0000026c   0x00000000   Code   RO          117  * .ARM.Collect$$$$00000000  mc_w.l(entry.o)
    0x0000026c   0x0000026c   0x00000004   Code   RO          387    .ARM.Collect$$$$00000001  mc_w.l(entry2.o)
    0x00000270   0x00000270   0x00000004   Code   RO          390    .ARM.Collect$$$$00000004  mc_w.l(entry5.o)
    0x00000274   0x00000274   0x00000000   Code   RO          392    .ARM.Collect$$$$00000008  mc_w.l(entry7b.o)
    0x00000274   0x00000274   0x00000000   Code   RO          394    .ARM.Collect$$$$0000000A  mc_w.l(entry8b.o)
    0x00000274   0x00000274   0x00000008   Code   RO          395    .ARM.Collect$$$$0000000B  mc_w.l(entry9a.o)
    0x0000027c   0x0000027c   0x00000000   Code   RO          397    .ARM.Collect$$$$0000000D  mc_w.l(entry10a.o)
    0x0000027c   0x0000027c   0x00000000   Code   RO          399    .ARM.Collect$$$$0000000F  mc_w.l(entry11a.o)
    0x0000027c   0x0000027c   0x00000004   Code   RO          388    .ARM.Collect$$$$00002712  mc_w.l(entry2.o)
    0x00000280   0x00000280   0x000000fc   Code   RO           97    .text               startup_tm4c123.o
    0x0000037c   0x0000037c   0x00000038   Code   RO          381    .text               mc_w.l(__0sscanf.o)
    0x000003b4   0x000003b4   0x0000014c   Code   RO          383    .text               mc_w.l(_scanf_int.o)
    0x00000500   0x00000500   0x00000026   Code   RO          385    .text               mf_w.l(f2d.o)
    0x00000526   0x00000526   0x0000002c   Code   RO          415    .text               mc_w.l(uidiv.o)
    0x00000552   0x00000552   0x00000062   Code   RO          417    .text               mc_w.l(uldiv.o)
    0x000005b4   0x000005b4   0x0000001c   Code   RO          419    .text               mc_w.l(_chval.o)
    0x000005d0   0x000005d0   0x00000028   Code   RO          421    .text               mc_w.l(scanf_char.o)
    0x000005f8   0x000005f8   0x00000040   Code   RO          423    .text               mc_w.l(_sgetc.o)
    0x00000638   0x00000638   0x00000000   Code   RO          425    .text               mc_w.l(iusefp.o)
    0x00000638   0x00000638   0x0000014e   Code   RO          426    .text               mf_w.l(dadd.o)
    0x00000786   0x00000786   0x000000e4   Code   RO          428    .text               mf_w.l(dmul.o)
    0x0000086a   0x0000086a   0x000000de   Code   RO          430    .text               mf_w.l(ddiv.o)
    0x00000948   0x00000948   0x00000030   Code   RO          432    .text               mf_w.l(dfixul.o)
    0x00000978   0x00000978   0x00000030   Code   RO          434    .text               mf_w.l(cdrcmple.o)
    0x000009a8   0x000009a8   0x00000024   Code   RO          436    .text               mc_w.l(init.o)
    0x000009cc   0x000009cc   0x0000001e   Code   RO          439    .text               mc_w.l(llshl.o)
    0x000009ea   0x000009ea   0x00000020   Code   RO          441    .text               mc_w.l(llushr.o)
    0x00000a0a   0x00000a0a   0x00000024   Code   RO          443    .text               mc_w.l(llsshr.o)
    0x00000a2e   0x00000a2e   0x0000000a   Code   RO          445    .text               mc_w.l(isspace_c.o)
    0x00000a38   0x00000a38   0x0000032c   Code   RO          447    .text               mc_w.l(_scanf.o)
    0x00000d64   0x00000d64   0x000000ba   Code   RO          450    .text               mf_w.l(depilogue.o)
    0x00000e1e   0x00000e1e   0x00000002   PAD
    0x00000e20   0x00000e20   0x00000028   Code   RO          452    .text               mc_w.l(ctype_c.o)
    0x00000e48   0x00000e48   0x000000b4   Code   RO           57    .text.ClearDisplay  lcd.o
    0x00000efc   0x00000efc   0x000003ac   Code   RO           55    .text.LCD_Init      lcd.o
    0x000012a8   0x000012a8   0x0000005a   Code   RO           17    .text.PLL_Init      clockinit.o
    0x00001302   0x00001302   0x00000002   PAD
    0x00001304   0x00001304   0x00000128   Code   RO           37    .text.Ports_Init    portinit.o
    0x0000142c   0x0000142c   0x0000007c   Code   RO           67    .text.ReadChar      keypad.o
    0x000014a8   0x000014a8   0x0000003c   Code   RO           53    .text.SendDisplayArr  lcd.o
    0x000014e4   0x000014e4   0x00000024   Code   RO           49    .text.SendDisplayCommand  lcd.o
    0x00001508   0x00001508   0x0000006e   Code   RO           47    .text.SendDisplayNibble  lcd.o
    0x00001576   0x00001576   0x00000002   PAD
    0x00001578   0x00001578   0x0000001a   Code   RO           19    .text.SysTick_Init  clockinit.o
    0x00001592   0x00001592   0x00000002   PAD
    0x00001594   0x00001594   0x00000018   Code   RO           21    .text.SysTick_Wait  clockinit.o
    0x000015ac   0x000015ac   0x00000040   Code   RO           25    .text.SysTick_Wait_ms  clockinit.o
    0x000015ec   0x000015ec   0x00000032   Code   RO           23    .text.SysTick_Wait_ys  clockinit.o
    0x0000161e   0x0000161e   0x00000002   PAD
    0x00001620   0x00001620   0x00000070   Code   RO          106    .text.SystemInit    system_tm4c123.o
    0x00001690   0x00001690   0x0000001a   Code   RO           76    .text.add_to_expression  calculator.o
    0x000016aa   0x000016aa   0x00000002   PAD
    0x000016ac   0x000016ac   0x0000034a   Code   RO           84    .text.calculate     calculator.o
    0x000019f6   0x000019f6   0x00000002   PAD
    0x000019f8   0x000019f8   0x000000b4   Code   RO            2    .text.main          main.o
    0x00001aac   0x00001aac   0x00000024   Code   RO           82    .text.num_to_char   calculator.o
    0x00001ad0   0x00001ad0   0x00000014   Code   RO           78    .text.reset_expression  calculator.o
    0x00001ae4   0x00001ae4   0x00000028   Code   RO          355    i.__0sprintf        mc_w.l(printfa.o)
    0x00001b0c   0x00001b0c   0x0000000e   Code   RO          457    i.__scatterload_copy  mc_w.l(handlers.o)
    0x00001b1a   0x00001b1a   0x00000002   Code   RO          458    i.__scatterload_null  mc_w.l(handlers.o)
    0x00001b1c   0x00001b1c   0x0000000e   Code   RO          459    i.__scatterload_zeroinit  mc_w.l(handlers.o)
    0x00001b2a   0x00001b2a   0x00000002   PAD
    0x00001b2c   0x00001b2c   0x00000184   Code   RO          360    i._fp_digits        mc_w.l(printfa.o)
    0x00001cb0   0x00001cb0   0x000006dc   Code   RO          361    i._printf_core      mc_w.l(printfa.o)
    0x0000238c   0x0000238c   0x00000024   Code   RO          362    i._printf_post_padding  mc_w.l(printfa.o)
    0x000023b0   0x000023b0   0x0000002e   Code   RO          363    i._printf_pre_padding  mc_w.l(printfa.o)
    0x000023de   0x000023de   0x0000000a   Code   RO          365    i._sputc            mc_w.l(printfa.o)
    0x000023e8   0x000023e8   0x00000040   Data   RO          453    .constdata          mc_w.l(ctype_c.o)
    0x00002428   0x00002428   0x00000003   Data   RO           86    .rodata.str1.1      calculator.o
    0x0000242b   0x0000242b   0x00000001   PAD
    0x0000242c   0x0000242c   0x00000010   Data   RO          456    Region$$Table       anon$$obj.o


    Execution Region RW_IRAM1 (Exec base: 0x20000000, Load base: 0x0000243c, Size: 0x00000230, Max: 0x00008000, ABSOLUTE)

    Exec Addr    Load Addr    Size         Type   Attr      Idx    E Section Name        Object

    0x20000000        -       0x00000004   Zero   RW            5    .bss.ans            main.o
    0x20000004        -       0x00000010   Zero   RW            9    .bss.ans_arr        main.o
    0x20000014        -       0x00000010   Zero   RW            8    .bss.expression     main.o
    0x20000024        -       0x00000001   Zero   RW            7    .bss.key_pressed    main.o
    0x20000025   0x0000243c   0x00000003   PAD
    0x20000028        -       0x00000004   Zero   RW            6    .bss.out            main.o
    0x2000002c   0x0000243c   0x00000004   PAD
    0x20000030        -       0x00000200   Zero   RW           94    STACK               startup_tm4c123.o


==============================================================================

Image component sizes


      Code (inc. data)   RO Data    RW Data    ZI Data      Debug   Object Name

       924         64          3          0          0       4764   calculator.o
       254          0          0          0          0       1646   clockinit.o
       124         16          0          0          0        798   keypad.o
      1326          0          0          0          0       2940   lcd.o
       180          0          0          0         41        730   main.o
       296          0          0          0          0        629   portinit.o
       252         10        620          0        512       5460   startup_tm4c123.o
       112          0          0          0          0       6459   system_tm4c123.o

    ----------------------------------------------------------------------
      3480         90        640          0        560      23426   Object Totals
         0          0         16          0          0          0   (incl. Generated)
        12          0          1          0          7          0   (incl. Padding)

    ----------------------------------------------------------------------

      Code (inc. data)   RO Data    RW Data    ZI Data      Debug   Library Member Name

        56          8          0          0          0         84   __0sscanf.o
        28          0          0          0          0         68   _chval.o
       812          4          0          0          0        112   _scanf.o
       332          0          0          0          0         96   _scanf_int.o
        64          0          0          0          0         84   _sgetc.o
        40          6         64          0          0         68   ctype_c.o
         0          0          0          0          0          0   entry.o
         0          0          0          0          0          0   entry10a.o
         0          0          0          0          0          0   entry11a.o
         8          4          0          0          0          0   entry2.o
         4          0          0          0          0          0   entry5.o
         0          0          0          0          0          0   entry7b.o
         0          0          0          0          0          0   entry8b.o
         8          4          0          0          0          0   entry9a.o
        30          0          0          0          0          0   handlers.o
        36          8          0          0          0         68   init.o
        10          0          0          0          0         68   isspace_c.o
         0          0          0          0          0          0   iusefp.o
        30          0          0          0          0         68   llshl.o
        36          0          0          0          0         68   llsshr.o
        32          0          0          0          0         68   llushr.o
      2276         86          0          0          0        520   printfa.o
        40          8          0          0          0         84   scanf_char.o
        44          0          0          0          0         80   uidiv.o
        98          0          0          0          0         92   uldiv.o
        48          0          0          0          0         68   cdrcmple.o
       334          0          0          0          0        148   dadd.o
       222          0          0          0          0        100   ddiv.o
       186          0          0          0          0        176   depilogue.o
        48          0          0          0          0         68   dfixul.o
       228          0          0          0          0         96   dmul.o
        38          0          0          0          0         68   f2d.o

    ----------------------------------------------------------------------
      5092        128         64          0          0       2352   Library Totals
         4          0          0          0          0          0   (incl. Padding)

    ----------------------------------------------------------------------

      Code (inc. data)   RO Data    RW Data    ZI Data      Debug   Library Name

      3984        128         64          0          0       1628   mc_w.l
      1104          0          0          0          0        724   mf_w.l

    ----------------------------------------------------------------------
      5092        128         64          0          0       2352   Library Totals

    ----------------------------------------------------------------------

==============================================================================


      Code (inc. data)   RO Data    RW Data    ZI Data      Debug   

      8572        218        704          0        560      24614   Grand Totals
      8572        218        704          0        560      24614   ELF Image Totals
      8572        218        704          0          0          0   ROM Totals

==============================================================================

    Total RO  Size (Code + RO Data)                 9276 (   9.06kB)
    Total RW  Size (RW Data + ZI Data)               560 (   0.55kB)
    Total ROM Size (Code + RO Data + RW Data)       9276 (   9.06kB)

==============================================================================

